<html>
<body>
<pre>
<h1>礦ision Build Log</h1>
<h2>Tool Versions:</h2>
IDE-Version: μVision V5.26.2.0
Copyright (C) 2018 ARM Ltd and ARM Germany GmbH. All rights reserved.
License Information: sllk Administrator, sys, LIC=47GU5-GZPSL-GKGBG-V9H20-PK1DU-ANB4D
 
Tool Versions:
Toolchain:       MDK-ARM Plus  Version: 5.26.2.0
Toolchain Path:  C:\Keil_v5\ARM\ARMCC\Bin
C Compiler:      Armcc.exe V5.06 update 6 (build 750)
Assembler:       Armasm.exe V5.06 update 6 (build 750)
Linker/Locator:  ArmLink.exe V5.06 update 6 (build 750)
Library Manager: ArmAr.exe V5.06 update 6 (build 750)
Hex Converter:   FromElf.exe V5.06 update 6 (build 750)
CPU DLL:         SARMCM3.DLL V5.26.2.0
Dialog DLL:      DCM.DLL V1.17.2.0
Target DLL:      CMSIS_AGDI.dll V1.30.6.0
Dialog DLL:      TCM.DLL V1.36.1.0
 
<h2>Project:</h2>
D:\比赛\电赛\风力摆\风力摆\MDK-ARM\test.uvprojx
Project File Date:  11/07/2021

<h2>Output:</h2>
*** Using Compiler 'V5.06 update 6 (build 750)', folder: 'C:\Keil_v5\ARM\ARMCC\Bin'
Build target 'test'
compiling stm32f1xx_hal_msp.c...
compiling tim.c...
compiling stm32f1xx_it.c...
compiling gpio.c...
compiling usart.c...
../Core/Src/usart.c(24): warning:  #177-D: variable "TxBuffer"  was declared but never referenced
  static unsigned char TxBuffer[256];
../Core/Src/usart.c(25): warning:  #177-D: variable "TxCounter"  was declared but never referenced
  static unsigned char TxCounter=0;
../Core/Src/usart.c(26): warning:  #177-D: variable "count"  was declared but never referenced
  static unsigned char count=0; 
../Core/Src/usart.c: 3 warnings, 0 errors
compiling adc.c...
compiling main.c...
compiling stm32f1xx_hal_gpio.c...
compiling stm32f1xx_hal_rcc_ex.c...
compiling stm32f1xx_hal_adc_ex.c...
compiling stm32f1xx_hal_gpio_ex.c...
compiling stm32f1xx_hal.c...
compiling stm32f1xx_hal_adc.c...
compiling stm32f1xx_hal_rcc.c...
compiling stm32f1xx_hal_flash_ex.c...
compiling stm32f1xx_hal_cortex.c...
compiling stm32f1xx_hal_dma.c...
compiling stm32f1xx_hal_pwr.c...
compiling stm32f1xx_hal_flash.c...
compiling stm32f1xx_hal_exti.c...
assembling startup_stm32f103xb.s...
compiling stm32f1xx_hal_tim.c...
compiling system_stm32f1xx.c...
compiling stm32f1xx_hal_uart.c...
compiling 6050.c...
compiling motor.pwm.c...
compiling pid.c...
compiling Motor.control.c...
..\App\Motor.control.c(69): warning:  #177-D: variable "set_x"  was declared but never referenced
  	float set_x = 0.0;
..\App\Motor.control.c(70): warning:  #177-D: variable "A"  was declared but never referenced
  	float A = 0.0;
..\App\Motor.control.c(71): warning:  #177-D: variable "Normalization"  was declared but never referenced
  	float Normalization = 0.0;
..\App\Motor.control.c(72): warning:  #177-D: variable "Omega"  was declared but never referenced
  	float Omega = 0.0;	
..\App\Motor.control.c: 4 warnings, 0 errors
compiling stm32f1xx_hal_tim_ex.c...
linking...
Program Size: Code=10404 RO-data=732 RW-data=136 ZI-data=1640  
FromELF: creating hex file...
"test\test.axf" - 0 Error(s), 7 Warning(s).

<h2>Software Packages used:</h2>

Package Vendor: ARM
                http://www.keil.com/pack/ARM.CMSIS.5.4.0.pack
                ARM.CMSIS.5.4.0
                CMSIS (Cortex Microcontroller Software Interface Standard)
   * Component: CORE Version: 5.1.2

Package Vendor: Keil
                http://www.keil.com/pack/Keil.STM32F1xx_DFP.2.3.0.pack
                Keil.STM32F1xx_DFP.2.3.0
                STMicroelectronics STM32F1 Series Device Support, Drivers and Examples

<h2>Collection of Component include folders:</h2>
  .\RTE\_test
  C:\Keil_v5\ARM\PACK\ARM\CMSIS\5.4.0\CMSIS\Core\Include
  C:\Keil_v5\ARM\PACK\Keil\STM32F1xx_DFP\2.3.0\Device\Include

<h2>Collection of Component Files used:</h2>

   * Component: ARM::CMSIS:CORE:5.1.2
Build Time Elapsed:  00:00:21
</pre>
</body>
</html>
